// Jest Snapshot v1, https://goo.gl/fbAQLP

exports[`Hello 1`] = `
<div>
  Hello Dan!
</div>
`;
